// Jest Snapshot v1, https://goo.gl/fbAQLP

exports[`favorites page is renders correctly 1`] = `
<Layout
  pageClasses=""
>
  <main
    className="page__main page__main--favorites"
  >
    <div
      className="page__favorites-container container"
    >
      <section
        className="favorites"
      >
        <h1
          className="favorites__title"
        >
          Saved listing
        </h1>
        <ul
          className="favorites__list"
        >
          <Favorites
            cities={Array []}
            favorites={Object {}}
          />
        </ul>
      </section>
    </div>
  </main>
  <footer
    className="footer container"
  >
    <Link
      className="footer__logo-link"
      to="/"
    >
      <img
        alt="6 cities logo"
        className="footer__logo"
        height="33"
        src="img/logo.svg"
        width="64"
      />
    </Link>
  </footer>
</Layout>
`;
