// Jest Snapshot v1, https://goo.gl/fbAQLP

exports[`catalog renders correctly 1`] = `
<main
  className="page__main page__main--index"
>
  <h1
    className="visually-hidden"
  >
    Cities
  </h1>
  <div
    className="cities tabs"
  >
    <ConnectFunction
      cities={
        Array [
          "Paris",
          "Cologne",
          "Brussels",
          "Amsterdam",
          "Hamburg",
          "Dusseldorf",
        ]
      }
    />
  </div>
  <div
    className="cities__places-wrapper"
  >
    <div
      className="cities__places-container container"
    >
      <section
        className="cities__places places"
      >
        <h2
          className="visually-hidden"
        >
          Places
        </h2>
        <b
          className="places__found"
        >
          2
           places to stay in 
        </b>
        <form
          action="#"
          className="places__sorting"
          method="get"
        >
          <span
            className="places__sorting-caption"
          >
            Sort by
          </span>
          <WithSorter
            options={
              Array [
                Object {
                  "selected": true,
                  "value": "Popular",
                },
                Object {
                  "selected": false,
                  "value": "Price: low to high",
                },
                Object {
                  "selected": false,
                  "value": "Price: high to low",
                },
                Object {
                  "selected": false,
                  "value": "Top rated first",
                },
              ]
            }
          />
        </form>
        <ConnectFunction
          classModCard="cities__place-card"
          classModOffers={
            Array [
              "cities__places-list",
              "tabs__content",
            ]
          }
          offers={
            Array [
              Object {
                "city": "Amsterdam",
                "coordinates": Array [
                  0,
                  0,
                ],
                "id": 0,
                "isFavorite": false,
                "isPremium": false,
                "previewPhoto": "",
                "price": 0,
                "rating": 0,
                "title": "",
                "type": "",
              },
              Object {
                "city": "Berlin",
                "coordinates": Array [
                  0,
                  0,
                ],
                "id": 1,
                "isFavorite": false,
                "isPremium": false,
                "previewPhoto": "",
                "price": 0,
                "rating": 0,
                "title": "",
                "type": "",
              },
            ]
          }
        />
      </section>
      <div
        className="cities__right-section"
      >
        <section
          className="cities__map map"
        >
          <Map
            coordinates={
              Array [
                0,
                0,
              ]
            }
            currentCity=""
            selectedOffer={Array []}
          />
        </section>
      </div>
    </div>
  </div>
</main>
`;
