// Jest Snapshot v1, https://goo.gl/fbAQLP

exports[`Review form renders correctly 1`] = `
<form
  action="#"
  className="reviews__form form"
  method="post"
  onSubmit={[Function]}
>
  <label
    className="reviews__label form__label"
    htmlFor="review"
  >
    Your review
  </label>
  <Rating
    onChangeRating={[MockFunction]}
  />
  <textarea
    className="reviews__textarea form__textarea"
    id="review"
    maxLength={300}
    minLength={50}
    name="review"
    onBlur={[Function]}
    onChange={[MockFunction]}
    onFocus={[Function]}
    placeholder="Tell how was your stay, what you like and what can be improved"
  />
  <span
    aria-live="assertive"
    role="alert"
  />
  <div
    className="reviews__button-wrapper"
  >
    <p
      className="reviews__help"
    >
      To submit review please make sure to set 
      <span
        className="reviews__star"
      >
        rating
      </span>
       and describe your stay with at least 
      <b
        className="reviews__text-amount"
      >
        50
         characters
      </b>
      .
    </p>
    <button
      className="reviews__submit form__submit button"
      disabled={false}
      type="submit"
    >
      Submit
    </button>
  </div>
</form>
`;
