// Jest Snapshot v1, https://goo.gl/fbAQLP

exports[`list of offers renders correctly 1`] = `
<div
  className=" places__list"
>
  <CardPlace
    city="Amsterdam"
    classModPrefix="cities"
    coordinates={
      Array [
        52.3809553943508,
        4.939309666406198,
      ]
    }
    id={334454}
    isFavorite={false}
    isPremium={false}
    key="334454"
    mainClassMod="cities__place-card"
    onSelected={[Function]}
    previewPhoto="img/apartment-03.jpg"
    price={180}
    rating={80}
    title="Nice, cozy, warm big bed apartment"
    type="Apartment"
  />
  <CardPlace
    city="Amsterdam"
    classModPrefix="cities"
    coordinates={
      Array [
        52.3909553943508,
        4.85309666406198,
      ]
    }
    id={5435}
    isFavorite={false}
    isPremium={true}
    key="5435"
    mainClassMod="cities__place-card"
    onSelected={[Function]}
    previewPhoto="img/apartment-01.jpg"
    price={120}
    rating={93}
    title="Beautiful & luxurious apartment at great location"
    type="Apartment"
  />
  <CardPlace
    city="Amsterdam"
    classModPrefix="cities"
    coordinates={
      Array [
        52.369553943508,
        4.85309666406198,
      ]
    }
    id={54353}
    isFavorite={true}
    isPremium={false}
    key="54353"
    mainClassMod="cities__place-card"
    onSelected={[Function]}
    previewPhoto="img/room.jpg"
    price={80}
    rating={80}
    title="Wood and stone place"
    type="Private room"
  />
  <CardPlace
    city="Amsterdam"
    classModPrefix="cities"
    coordinates={
      Array [
        52.3909553943508,
        4.929309666406198,
      ]
    }
    id={53453}
    isFavorite={false}
    isPremium={false}
    key="53453"
    mainClassMod="cities__place-card"
    onSelected={[Function]}
    previewPhoto="img/apartment-02.jpg"
    price={132}
    rating={80}
    title="Canal View Prinsengracht"
    type="Apartment"
  />
  <CardPlace
    city="Paris"
    classModPrefix="cities"
    coordinates={
      Array [
        48.86679,
        2.37852,
      ]
    }
    id={534534}
    isFavorite={false}
    isPremium={true}
    key="534534"
    mainClassMod="cities__place-card"
    onSelected={[Function]}
    previewPhoto="img/apartment-01.jpg"
    price={120}
    rating={93}
    title="Beautiful & luxurious apartment at great location"
    type="Apartment"
  />
  <CardPlace
    city="Cologne"
    classModPrefix="cities"
    coordinates={
      Array [
        50.958694,
        6.961092,
      ]
    }
    id={3434}
    isFavorite={true}
    isPremium={false}
    key="3434"
    mainClassMod="cities__place-card"
    onSelected={[Function]}
    previewPhoto="img/room.jpg"
    price={80}
    rating={80}
    title="Wood and stone place"
    type="Private room"
  />
  <CardPlace
    city="Hamburg"
    classModPrefix="cities"
    coordinates={
      Array [
        53.598154,
        10.062009,
      ]
    }
    id={65656}
    isFavorite={false}
    isPremium={false}
    key="65656"
    mainClassMod="cities__place-card"
    onSelected={[Function]}
    previewPhoto="img/apartment-02.jpg"
    price={132}
    rating={80}
    title="Canal View Prinsengracht"
    type="Apartment"
  />
  <CardPlace
    city="Dusseldorf"
    classModPrefix="cities"
    coordinates={
      Array [
        51.261306,
        6.804574,
      ]
    }
    id={23232}
    isFavorite={false}
    isPremium={false}
    key="23232"
    mainClassMod="cities__place-card"
    onSelected={[Function]}
    previewPhoto="img/apartment-03.jpg"
    price={180}
    rating={80}
    title="Nice, cozy, warm big bed apartment"
    type="Apartment"
  />
</div>
`;
