// Jest Snapshot v1, https://goo.gl/fbAQLP

exports[`cities renders correctly 1`] = `
<section
  className="locations container"
>
  <ul
    className="locations__list tabs__list"
  >
    <ConnectFunction
      city="Amsterdam"
      key="Amsterdam"
      onChangeCity={[Function]}
    />
    <ConnectFunction
      city="Paris"
      key="Paris"
      onChangeCity={[Function]}
    />
    <ConnectFunction
      city="Cologne"
      key="Cologne"
      onChangeCity={[Function]}
    />
    <ConnectFunction
      city="Hamburg"
      key="Hamburg"
      onChangeCity={[Function]}
    />
    <ConnectFunction
      city="Dusseldorf"
      key="Dusseldorf"
      onChangeCity={[Function]}
    />
  </ul>
</section>
`;
