// Jest Snapshot v1, https://goo.gl/fbAQLP

exports[`Empty main page renders correctly 1`] = `
<main
  className="page__main page__main--index page__main--index-empty"
>
  <h1
    className="visually-hidden"
  >
    Cities
  </h1>
  <div
    className="cities tabs"
  >
    <ConnectFunction
      cities={
        Array [
          "Paris",
          "Cologne",
          "Brussels",
          "Amsterdam",
          "Hamburg",
          "Dusseldorf",
          "Kiev",
        ]
      }
    />
  </div>
  <div
    className="cities__places-wrapper"
  >
    <div
      className="cities__places-container cities__places-container--empty container"
    >
      <section
        className="cities__no-places"
      >
        <div
          className="cities__status-wrapper tabs__content"
        >
          <b
            className="cities__status"
          >
            No places to stay available
          </b>
          <p
            className="cities__status-description"
          >
            We could not find any property availbale at the moment in 
            Kiev
          </p>
        </div>
      </section>
      <div
        className="cities__right-section"
      />
    </div>
  </div>
</main>
`;
