// Jest Snapshot v1, https://goo.gl/fbAQLP

exports[`city link renders correctly 1`] = `
<WrapperForPages
  pageClasses={
    Array [
      "page",
      "page--gray",
      "page--login",
    ]
  }
>
  <ConnectFunction />
  <main
    className="page__main page__main--login"
  >
    <div
      className="page__login-container container"
    >
      <ConnectFunction />
      <section
        className="locations locations--login locations--current"
      >
        <div
          className="locations__item"
        >
          <a
            className="locations__item-link"
            href="#"
          >
            <span>
              Amsterdam
            </span>
          </a>
        </div>
      </section>
    </div>
  </main>
</WrapperForPages>
`;
