// Jest Snapshot v1, https://goo.gl/fbAQLP

exports[`Login form renders correctly 1`] = `
<SideEffect(DocumentTitle)
  title="Page of log in"
>
  <section
    className="login"
  >
    <h1
      className="login__title"
    >
      Sign in
    </h1>
    <form
      action="#"
      className="login__form form"
      method="post"
      onSubmit={[Function]}
    >
      <div
        className="login__input-wrapper form__input-wrapper"
      >
        <label
          className="visually-hidden"
          htmlFor="login-email"
        >
          E-mail
        </label>
        <input
          className="login__input form__input"
          id="login-email"
          name="email"
          onChange={[MockFunction]}
          pattern="[a-z0-9._%+-]+@[a-z0-9.-]+\\\\.[a-z]{2,4}$"
          placeholder="Email"
          required={true}
          type="email"
        />
      </div>
      <div
        className="login__input-wrapper form__input-wrapper"
      >
        <label
          className="visually-hidden"
          htmlFor="login-password"
        >
          Password
        </label>
        <input
          className="login__input form__input"
          id="login-password"
          name="password"
          onChange={[MockFunction]}
          placeholder="Password"
          required={true}
          type="password"
        />
      </div>
      <span
        aria-live="polite"
        role="alert"
      />
      <button
        className="login__submit form__submit button"
        type="submit"
      >
        Sign in
      </button>
    </form>
  </section>
</SideEffect(DocumentTitle)>
`;
